// Jest Snapshot v1, https://goo.gl/fbAQLP

exports[`<EditRemoveQuiz2 /> .renderItemIsSelected should match the snapshot 1`] = `ShallowWrapper {}`;

exports[`<EditRemoveQuiz2 /> CreateQuiz test against snapshot 1`] = `
<RCTScrollView>
  <View>
    <View
      style={
        Object {
          "alignItems": "center",
          "flex": 1,
          "padding": 20,
        }
      }
    >
      <View
        style={
          Object {
            "marginTop": 50,
            "padding": 20,
          }
        }
      >
        <Text
          style={
            Object {
              "fontSize": 42.5,
            }
          }
          theme={
            Object {
              "colors": Object {
                "disabled": "hsl(208, 8%, 90%)",
                "divider": "#bcbbc1",
                "error": "#ff190c",
                "grey0": "#393e42",
                "grey1": "#43484d",
                "grey2": "#5e6977",
                "grey3": "#86939e",
                "grey4": "#bdc6cf",
                "grey5": "#e1e8ee",
                "greyOutline": "#bbb",
                "platform": Object {
                  "android": Object {
                    "error": "#f44336",
                    "primary": "#2196f3",
                    "secondary": "#9C27B0",
                    "success": "#4caf50",
                    "warning": "#ffeb3b",
                  },
                  "ios": Object {
                    "error": "#ff3b30",
                    "primary": "#007aff",
                    "secondary": "#5856d6",
                    "success": "#4cd964",
                    "warning": "#ffcc00",
                  },
                },
                "primary": "#2089dc",
                "searchBg": "#303337",
                "secondary": "#8F0CE8",
                "success": "#52c41a",
                "warning": "#faad14",
              },
            }
          }
        >
          Quiz
        </Text>
      </View>
      <View
        style={
          Object {
            "alignItems": "center",
            "flex": 1,
            "padding": 20,
          }
        }
      >
        <Text
          style={
            Object {
              "color": "grey",
              "flex": 1,
              "fontSize": 22,
            }
          }
          theme={
            Object {
              "colors": Object {
                "disabled": "hsl(208, 8%, 90%)",
                "divider": "#bcbbc1",
                "error": "#ff190c",
                "grey0": "#393e42",
                "grey1": "#43484d",
                "grey2": "#5e6977",
                "grey3": "#86939e",
                "grey4": "#bdc6cf",
                "grey5": "#e1e8ee",
                "greyOutline": "#bbb",
                "platform": Object {
                  "android": Object {
                    "error": "#f44336",
                    "primary": "#2196f3",
                    "secondary": "#9C27B0",
                    "success": "#4caf50",
                    "warning": "#ffeb3b",
                  },
                  "ios": Object {
                    "error": "#ff3b30",
                    "primary": "#007aff",
                    "secondary": "#5856d6",
                    "success": "#4cd964",
                    "warning": "#ffcc00",
                  },
                },
                "primary": "#2089dc",
                "searchBg": "#303337",
                "secondary": "#8F0CE8",
                "success": "#52c41a",
                "warning": "#faad14",
              },
            }
          }
        >
          Title and description
        </Text>
        <View
          style={
            Object {
              "flex": 1,
              "marginTop": 10,
              "position": "relative",
              "width": 300,
            }
          }
        >
          <Text
            style={
              Object {
                "alignItems": "flex-start",
                "borderRadius": 14,
                "color": "grey",
                "flexDirection": "row",
                "fontSize": 17,
                "justifyContent": "flex-start",
                "margin": 3,
                "paddingLeft": 15,
                "paddingVertical": 5,
                "width": 200,
                "zIndex": -1,
              }
            }
            theme={
              Object {
                "colors": Object {
                  "disabled": "hsl(208, 8%, 90%)",
                  "divider": "#bcbbc1",
                  "error": "#ff190c",
                  "grey0": "#393e42",
                  "grey1": "#43484d",
                  "grey2": "#5e6977",
                  "grey3": "#86939e",
                  "grey4": "#bdc6cf",
                  "grey5": "#e1e8ee",
                  "greyOutline": "#bbb",
                  "platform": Object {
                    "android": Object {
                      "error": "#f44336",
                      "primary": "#2196f3",
                      "secondary": "#9C27B0",
                      "success": "#4caf50",
                      "warning": "#ffeb3b",
                    },
                    "ios": Object {
                      "error": "#ff3b30",
                      "primary": "#007aff",
                      "secondary": "#5856d6",
                      "success": "#4cd964",
                      "warning": "#ffcc00",
                    },
                  },
                  "primary": "#2089dc",
                  "searchBg": "#303337",
                  "secondary": "#8F0CE8",
                  "success": "#52c41a",
                  "warning": "#faad14",
                },
              }
            }
          >
            
          </Text>
          <Text
            style={
              Object {
                "alignItems": "flex-start",
                "borderRadius": 14,
                "color": "grey",
                "flexDirection": "row",
                "fontSize": 17,
                "justifyContent": "flex-start",
                "margin": 3,
                "paddingLeft": 15,
                "paddingVertical": 5,
                "width": 200,
                "zIndex": -1,
              }
            }
            theme={
              Object {
                "colors": Object {
                  "disabled": "hsl(208, 8%, 90%)",
                  "divider": "#bcbbc1",
                  "error": "#ff190c",
                  "grey0": "#393e42",
                  "grey1": "#43484d",
                  "grey2": "#5e6977",
                  "grey3": "#86939e",
                  "grey4": "#bdc6cf",
                  "grey5": "#e1e8ee",
                  "greyOutline": "#bbb",
                  "platform": Object {
                    "android": Object {
                      "error": "#f44336",
                      "primary": "#2196f3",
                      "secondary": "#9C27B0",
                      "success": "#4caf50",
                      "warning": "#ffeb3b",
                    },
                    "ios": Object {
                      "error": "#ff3b30",
                      "primary": "#007aff",
                      "secondary": "#5856d6",
                      "success": "#4cd964",
                      "warning": "#ffcc00",
                    },
                  },
                  "primary": "#2089dc",
                  "searchBg": "#303337",
                  "secondary": "#8F0CE8",
                  "success": "#52c41a",
                  "warning": "#faad14",
                },
              }
            }
          >
            
          </Text>
        </View>
        <Text
          style={
            Object {
              "color": "grey",
              "flex": 1,
              "fontSize": 22,
              "marginTop": 30,
            }
          }
          theme={
            Object {
              "colors": Object {
                "disabled": "hsl(208, 8%, 90%)",
                "divider": "#bcbbc1",
                "error": "#ff190c",
                "grey0": "#393e42",
                "grey1": "#43484d",
                "grey2": "#5e6977",
                "grey3": "#86939e",
                "grey4": "#bdc6cf",
                "grey5": "#e1e8ee",
                "greyOutline": "#bbb",
                "platform": Object {
                  "android": Object {
                    "error": "#f44336",
                    "primary": "#2196f3",
                    "secondary": "#9C27B0",
                    "success": "#4caf50",
                    "warning": "#ffeb3b",
                  },
                  "ios": Object {
                    "error": "#ff3b30",
                    "primary": "#007aff",
                    "secondary": "#5856d6",
                    "success": "#4cd964",
                    "warning": "#ffcc00",
                  },
                },
                "primary": "#2089dc",
                "searchBg": "#303337",
                "secondary": "#8F0CE8",
                "success": "#52c41a",
                "warning": "#faad14",
              },
            }
          }
        >
          Questions
        </Text>
        <RCTScrollView>
          <View>
            <View
              style={
                Object {
                  "flex": 1,
                  "marginBottom": 5,
                  "marginTop": 20,
                  "maxHeight": 200,
                  "position": "relative",
                  "width": 300,
                }
              }
            >
              <RCTScrollView
                ItemSeparatorComponent={[Function]}
                className="flatList"
                data={Array []}
                disableVirtualization={false}
                extraData={
                  Object {
                    "data": Array [],
                    "dataSource": Array [],
                    "description": "",
                    "loading": false,
                    "publish": false,
                    "showPublish": true,
                    "title": "",
                    "token": "",
                  }
                }
                getItem={[Function]}
                getItemCount={[Function]}
                horizontal={false}
                initialNumToRender={10}
                keyExtractor={[Function]}
                maxToRenderPerBatch={10}
                numColumns={1}
                onContentSizeChange={[Function]}
                onEndReachedThreshold={2}
                onLayout={[Function]}
                onMomentumScrollEnd={[Function]}
                onScroll={[Function]}
                onScrollBeginDrag={[Function]}
                onScrollEndDrag={[Function]}
                removeClippedSubviews={false}
                renderItem={[Function]}
                scrollEventThrottle={50}
                stickyHeaderIndices={Array []}
                updateCellsBatchingPeriod={50}
                viewabilityConfigCallbackPairs={Array []}
                windowSize={21}
              >
                <View />
              </RCTScrollView>
            </View>
          </View>
        </RCTScrollView>
        <View />
        <View />
        <View
          style={
            Object {
              "flex": 1,
              "marginBottom": 15,
              "marginTop": 40,
              "width": 250,
            }
          }
        >
          <View
            style={
              Array [
                Object {
                  "flexDirection": "row",
                },
                Object {},
              ]
            }
          >
            <View
              onMoveShouldSetResponder={[Function]}
              onMoveShouldSetResponderCapture={[Function]}
              onResponderEnd={[Function]}
              onResponderGrant={[Function]}
              onResponderMove={[Function]}
              onResponderReject={[Function]}
              onResponderRelease={[Function]}
              onResponderStart={[Function]}
              onResponderTerminate={[Function]}
              onResponderTerminationRequest={[Function]}
              onStartShouldSetResponder={[Function]}
              onStartShouldSetResponderCapture={[Function]}
              style={
                Object {
                  "flex": 1,
                }
              }
            >
              <View
                onLayout={[Function]}
                style={
                  Object {
                    "backgroundColor": "#FFFFFF",
                    "borderRadius": 50,
                    "height": 40,
                  }
                }
              >
                <View
                  style={
                    Object {
                      "borderColor": "grey",
                      "borderRadius": 50,
                      "borderWidth": 1,
                      "flex": 1,
                      "flexDirection": "row",
                    }
                  }
                >
                  <View
                    accessible={true}
                    isTVSelectable={true}
                    onResponderGrant={[Function]}
                    onResponderMove={[Function]}
                    onResponderRelease={[Function]}
                    onResponderTerminate={[Function]}
                    onResponderTerminationRequest={[Function]}
                    onStartShouldSetResponder={[Function]}
                    style={
                      Object {
                        "alignItems": "center",
                        "flex": 1,
                        "flexDirection": "row",
                        "justifyContent": "center",
                        "opacity": 1,
                      }
                    }
                  >
                    <Text
                      style={
                        Array [
                          Object {
                            "backgroundColor": "transparent",
                            "color": "white",
                            "fontSize": 14,
                            "fontWeight": "normal",
                            "textAlign": "center",
                          },
                          Object {},
                        ]
                      }
                    >
                      Draft
                    </Text>
                  </View>
                  <View
                    accessible={true}
                    isTVSelectable={true}
                    onResponderGrant={[Function]}
                    onResponderMove={[Function]}
                    onResponderRelease={[Function]}
                    onResponderTerminate={[Function]}
                    onResponderTerminationRequest={[Function]}
                    onStartShouldSetResponder={[Function]}
                    style={
                      Object {
                        "alignItems": "center",
                        "flex": 1,
                        "flexDirection": "row",
                        "justifyContent": "center",
                        "opacity": 1,
                      }
                    }
                  >
                    <Text
                      style={
                        Array [
                          Object {
                            "backgroundColor": "transparent",
                            "color": "grey",
                            "fontSize": 14,
                            "fontWeight": "normal",
                            "textAlign": "center",
                          },
                          Object {},
                        ]
                      }
                    >
                      Public
                    </Text>
                  </View>
                </View>
              </View>
            </View>
          </View>
        </View>
        <View
          style={
            Object {
              "borderRadius": 14,
            }
          }
        >
          <View
            accessible={true}
            isTVSelectable={true}
            onResponderGrant={[Function]}
            onResponderMove={[Function]}
            onResponderRelease={[Function]}
            onResponderTerminate={[Function]}
            onResponderTerminationRequest={[Function]}
            onStartShouldSetResponder={[Function]}
            style={
              Object {
                "opacity": 1,
              }
            }
          >
            <View
              style={
                Object {
                  "alignItems": "center",
                  "backgroundColor": "grey",
                  "borderColor": "#2089dc",
                  "borderRadius": 14,
                  "borderWidth": 0,
                  "flexDirection": "row",
                  "height": 50,
                  "justifyContent": "center",
                  "margin": 10,
                  "marginTop": 30,
                  "padding": 8,
                  "width": 200,
                }
              }
            >
              <Text
                style={
                  Object {
                    "color": "white",
                    "fontSize": 18,
                    "paddingBottom": 1,
                    "paddingTop": 2,
                    "textAlign": "center",
                  }
                }
              >
                Save
              </Text>
            </View>
          </View>
        </View>
        <View />
        <View
          style={
            Object {
              "borderRadius": 14,
            }
          }
        >
          <View
            accessible={true}
            isTVSelectable={true}
            onResponderGrant={[Function]}
            onResponderMove={[Function]}
            onResponderRelease={[Function]}
            onResponderTerminate={[Function]}
            onResponderTerminationRequest={[Function]}
            onStartShouldSetResponder={[Function]}
            style={
              Object {
                "opacity": 1,
              }
            }
          >
            <View
              style={
                Object {
                  "alignItems": "center",
                  "backgroundColor": "transparent",
                  "borderColor": "#2089dc",
                  "borderRadius": 14,
                  "borderWidth": 0,
                  "flexDirection": "row",
                  "height": 55,
                  "justifyContent": "center",
                  "padding": 8,
                  "width": 150,
                }
              }
            >
              <Text
                style={
                  Object {
                    "color": "grey",
                    "fontSize": 18,
                    "paddingBottom": 1,
                    "paddingTop": 2,
                    "textAlign": "center",
                  }
                }
              >
                Return
              </Text>
            </View>
          </View>
        </View>
      </View>
    </View>
  </View>
</RCTScrollView>
`;
