// Jest Snapshot v1, https://goo.gl/fbAQLP

exports[`<EmailVerif /> EmailVerif test against snapshot 1`] = `
<View
  style={
    Object {
      "flex": 1,
    }
  }
>
  <View
    style={
      Array [
        Object {
          "alignItems": "center",
          "flex": 1,
          "marginTop": 180,
          "padding": 20,
        },
        undefined,
      ]
    }
  >
    <ActivityIndicator
      animating={true}
      color="grey"
      hidesWhenStopped={true}
      size="large"
    />
  </View>
</View>
`;
